22:06:23 **** Incremental Build of configuration Debug for project DEM_PLANE_SIM ****
make -j8 all 
arm-none-eabi-gcc "../Core/Src/main.c" -mcpu=cortex-m0plus -std=gnu11 -g3 -DDEBUG -DUSE_HAL_DRIVER -DSTM32G030xx -c -I../Core/Inc -I../Drivers/STM32G0xx_HAL_Driver/Inc -I../Drivers/STM32G0xx_HAL_Driver/Inc/Legacy -I../Drivers/CMSIS/Device/ST/STM32G0xx/Include -I../Drivers/CMSIS/Include -I"D:/DEMSAY/DEM_PLANE_SIM/lis2dw12" -O0 -ffunction-sections -fdata-sections -Wall -fstack-usage -fcyclomatic-complexity -MMD -MP -MF"Core/Src/main.d" -MT"Core/Src/main.o" --specs=nano.specs -mfloat-abi=soft -mthumb -o "Core/Src/main.o"
arm-none-eabi-gcc -o "DEM_PLANE_SIM.elf" @"objects.list"   -mcpu=cortex-m0plus -T"D:\DEMSAY\DEM_PLANE_SIM\STM32G030C8TX_FLASH.ld" --specs=nosys.specs -Wl,-Map="DEM_PLANE_SIM.map" -Wl,--gc-sections -static --specs=nano.specs -mfloat-abi=soft -mthumb -Wl,--start-group -lc -lm -Wl,--end-group
Finished building target: DEM_PLANE_SIM.elf
 
arm-none-eabi-size  DEM_PLANE_SIM.elf 
arm-none-eabi-objdump -h -S DEM_PLANE_SIM.elf  > "DEM_PLANE_SIM.list"
   text	   data	    bss	    dec	    hex	filename
  32568	     92	   2300	  34960	   8890	DEM_PLANE_SIM.elf
Finished building: default.size.stdout
 
Finished building: DEM_PLANE_SIM.list
 
