../Core/Src/main.c:27:8:Termistor	32	static
../Core/Src/main.c:102:5:main	40	static
../Core/Src/main.c:327:6:SystemClock_Config	88	static
../Core/Src/main.c:369:13:MX_ADC1_Init	24	static
../Core/Src/main.c:428:13:MX_I2C1_Init	8	static
../Core/Src/main.c:476:13:MX_RTC_Init	8	static
../Core/Src/main.c:513:13:MX_GPIO_Init	56	static
../Core/Src/main.c:563:6:HAL_SYSTICK_Callback	8	static
../Core/Src/main.c:606:16:platform_write	48	static
../Core/Src/main.c:622:18:platform_read	48	static
../Core/Src/main.c:634:6:Error_Handler	8	static,ignoring_inline_asm
