../Core/Src/main.c:92:10:Trimpot_to_Angle	16	static
../Core/Src/main.c:96:10:Joystick_to_Percentage	16	static
../Core/Src/main.c:100:8:calculateAngles	48	static
../Core/Src/main.c:116:6:HAL_ADC_ConvCpltCallback	16	static
../Core/Src/main.c:125:5:main	32	static
../Core/Src/main.c:234:6:SystemClock_Config	88	static
../Core/Src/main.c:275:13:MX_ADC1_Init	24	static
../Core/Src/main.c:361:13:MX_I2C1_Init	8	static
../Core/Src/main.c:409:13:MX_USART1_UART_Init	8	static
../Core/Src/main.c:457:13:MX_GPIO_Init	48	static
../Core/Src/main.c:500:6:HAL_SYSTICK_Callback	8	static
../Core/Src/main.c:536:16:platform_write	48	static
../Core/Src/main.c:552:19:platform_read	48	static
../Core/Src/main.c:564:6:Error_Handler	8	static,ignoring_inline_asm
